{"timestamp": "2026-02-15T16:49:26.745025+00:00", "level": "INFO", "logger": "donna.logging_config", "message": "logging configured", "session_id": "6085443b30f4", "taskName": null, "event": "logging_configured", "log_level": "INFO", "log_path": "/Users/manavchhattri/Desktop/Donna/data/donna.log"}
{"timestamp": "2026-02-15T16:49:26.745129+00:00", "level": "INFO", "logger": "__main__", "message": "run.py invoked", "session_id": "6085443b30f4", "taskName": null, "event": "entrypoint_invoked", "argv": []}
{"timestamp": "2026-02-15T16:49:27.273621+00:00", "level": "INFO", "logger": "__main__", "message": "launching DonnaApp", "session_id": "6085443b30f4", "taskName": null, "event": "menu_app_launch"}
{"timestamp": "2026-02-15T16:49:27.285264+00:00", "level": "INFO", "logger": "donna.web_server", "message": "web server started", "session_id": "6085443b30f4", "taskName": null, "event": "web_server_started", "host": "127.0.0.1", "port": 7777}
{"timestamp": "2026-02-15T16:49:27.399298+00:00", "level": "INFO", "logger": "donna.boss", "message": "tracking started", "session_id": "6085443b30f4", "taskName": null, "event": "tracking_started", "poll_interval": 5}
{"timestamp": "2026-02-15T16:49:27.399519+00:00", "level": "INFO", "logger": "donna.presence", "message": "presence detector started", "session_id": "6085443b30f4", "taskName": null, "event": "presence_started", "check_interval": 1, "away_threshold": 1, "camera_index": 0}
{"timestamp": "2026-02-15T16:49:27.399600+00:00", "level": "INFO", "logger": "donna.boss", "message": "camera presence enabled on launch", "session_id": "6085443b30f4", "taskName": null, "event": "camera_enabled_on_launch"}
{"timestamp": "2026-02-15T16:49:27.399642+00:00", "level": "INFO", "logger": "donna.boss", "message": "Donna app initialized", "session_id": "6085443b30f4", "taskName": null, "event": "app_initialized"}
{"timestamp": "2026-02-15T16:49:27.594622+00:00", "level": "INFO", "logger": "donna.storage", "message": "record saved", "session_id": "6085443b30f4", "taskName": null, "event": "record_saved", "date": "2026-02-15", "path": "/Users/manavchhattri/Desktop/Donna/data/2026-02-15.json", "active_seconds": 0.0, "idle_seconds": 0.0, "away_seconds": 0.0, "app_count": 0, "website_count": 0}
{"timestamp": "2026-02-15T16:49:33.529937+00:00", "level": "INFO", "logger": "donna.presence", "message": "presence state changed", "session_id": "6085443b30f4", "taskName": null, "event": "presence_state_changed", "is_away": true}
{"timestamp": "2026-02-15T16:49:33.531584+00:00", "level": "INFO", "logger": "donna.boss", "message": "presence state changed", "session_id": "6085443b30f4", "taskName": null, "event": "presence_state_changed", "is_away": true}
{"timestamp": "2026-02-15T16:49:35.618936+00:00", "level": "INFO", "logger": "donna.presence", "message": "presence state changed", "session_id": "6085443b30f4", "taskName": null, "event": "presence_state_changed", "is_away": false}
{"timestamp": "2026-02-15T16:49:35.619509+00:00", "level": "INFO", "logger": "donna.boss", "message": "presence state changed", "session_id": "6085443b30f4", "taskName": null, "event": "presence_state_changed", "is_away": false}
{"timestamp": "2026-02-15T16:50:27.373798+00:00", "level": "INFO", "logger": "donna.storage", "message": "record saved", "session_id": "6085443b30f4", "taskName": null, "event": "record_saved", "date": "2026-02-15", "path": "/Users/manavchhattri/Desktop/Donna/data/2026-02-15.json", "active_seconds": 54.78, "idle_seconds": 0.0, "away_seconds": 0.0, "app_count": 1, "website_count": 0}
{"timestamp": "2026-02-15T16:51:27.367541+00:00", "level": "INFO", "logger": "donna.storage", "message": "record saved", "session_id": "6085443b30f4", "taskName": null, "event": "record_saved", "date": "2026-02-15", "path": "/Users/manavchhattri/Desktop/Donna/data/2026-02-15.json", "active_seconds": 114.77, "idle_seconds": 0.0, "away_seconds": 0.0, "app_count": 1, "website_count": 0}
{"timestamp": "2026-02-15T16:52:27.365349+00:00", "level": "INFO", "logger": "donna.storage", "message": "record saved", "session_id": "6085443b30f4", "taskName": null, "event": "record_saved", "date": "2026-02-15", "path": "/Users/manavchhattri/Desktop/Donna/data/2026-02-15.json", "active_seconds": 174.77, "idle_seconds": 0.0, "away_seconds": 0.0, "app_count": 1, "website_count": 0}
{"timestamp": "2026-02-15T16:53:27.362874+00:00", "level": "INFO", "logger": "donna.storage", "message": "record saved", "session_id": "6085443b30f4", "taskName": null, "event": "record_saved", "date": "2026-02-15", "path": "/Users/manavchhattri/Desktop/Donna/data/2026-02-15.json", "active_seconds": 234.76, "idle_seconds": 0.0, "away_seconds": 0.0, "app_count": 2, "website_count": 0}
{"timestamp": "2026-02-15T16:54:16.322117+00:00", "level": "INFO", "logger": "donna.presence", "message": "presence state changed", "session_id": "6085443b30f4", "taskName": null, "event": "presence_state_changed", "is_away": true}
{"timestamp": "2026-02-15T16:54:16.323992+00:00", "level": "INFO", "logger": "donna.boss", "message": "presence state changed", "session_id": "6085443b30f4", "taskName": null, "event": "presence_state_changed", "is_away": true}
{"timestamp": "2026-02-15T16:54:19.440918+00:00", "level": "INFO", "logger": "donna.presence", "message": "presence state changed", "session_id": "6085443b30f4", "taskName": null, "event": "presence_state_changed", "is_away": false}
{"timestamp": "2026-02-15T16:54:19.441482+00:00", "level": "INFO", "logger": "donna.boss", "message": "presence state changed", "session_id": "6085443b30f4", "taskName": null, "event": "presence_state_changed", "is_away": false}
{"timestamp": "2026-02-15T16:54:27.356031+00:00", "level": "INFO", "logger": "donna.storage", "message": "record saved", "session_id": "6085443b30f4", "taskName": null, "event": "record_saved", "date": "2026-02-15", "path": "/Users/manavchhattri/Desktop/Donna/data/2026-02-15.json", "active_seconds": 294.76, "idle_seconds": 0.0, "away_seconds": 5.0, "app_count": 2, "website_count": 0}
{"timestamp": "2026-02-15T16:54:46.109995+00:00", "level": "INFO", "logger": "donna.presence", "message": "presence state changed", "session_id": "6085443b30f4", "taskName": null, "event": "presence_state_changed", "is_away": true}
{"timestamp": "2026-02-15T16:54:46.111454+00:00", "level": "INFO", "logger": "donna.boss", "message": "presence state changed", "session_id": "6085443b30f4", "taskName": null, "event": "presence_state_changed", "is_away": true}
{"timestamp": "2026-02-15T16:55:02.840808+00:00", "level": "INFO", "logger": "donna.presence", "message": "presence state changed", "session_id": "6085443b30f4", "taskName": null, "event": "presence_state_changed", "is_away": false}
{"timestamp": "2026-02-15T16:55:02.842378+00:00", "level": "INFO", "logger": "donna.boss", "message": "presence state changed", "session_id": "6085443b30f4", "taskName": null, "event": "presence_state_changed", "is_away": false}
{"timestamp": "2026-02-15T16:55:04.932149+00:00", "level": "INFO", "logger": "donna.presence", "message": "presence state changed", "session_id": "6085443b30f4", "taskName": null, "event": "presence_state_changed", "is_away": true}
{"timestamp": "2026-02-15T16:55:04.932713+00:00", "level": "INFO", "logger": "donna.boss", "message": "presence state changed", "session_id": "6085443b30f4", "taskName": null, "event": "presence_state_changed", "is_away": true}
{"timestamp": "2026-02-15T16:55:27.353286+00:00", "level": "INFO", "logger": "donna.storage", "message": "record saved", "session_id": "6085443b30f4", "taskName": null, "event": "record_saved", "date": "2026-02-15", "path": "/Users/manavchhattri/Desktop/Donna/data/2026-02-15.json", "active_seconds": 354.76, "idle_seconds": 0.0, "away_seconds": 45.0, "app_count": 2, "website_count": 0}
{"timestamp": "2026-02-15T16:56:27.349611+00:00", "level": "INFO", "logger": "donna.storage", "message": "record saved", "session_id": "6085443b30f4", "taskName": null, "event": "record_saved", "date": "2026-02-15", "path": "/Users/manavchhattri/Desktop/Donna/data/2026-02-15.json", "active_seconds": 394.75, "idle_seconds": 20.0, "away_seconds": 105.0, "app_count": 2, "website_count": 0}
{"timestamp": "2026-02-15T16:57:27.345368+00:00", "level": "INFO", "logger": "donna.storage", "message": "record saved", "session_id": "6085443b30f4", "taskName": null, "event": "record_saved", "date": "2026-02-15", "path": "/Users/manavchhattri/Desktop/Donna/data/2026-02-15.json", "active_seconds": 394.75, "idle_seconds": 80.0, "away_seconds": 165.0, "app_count": 2, "website_count": 0}
{"timestamp": "2026-02-15T16:57:46.268521+00:00", "level": "INFO", "logger": "donna.presence", "message": "presence state changed", "session_id": "6085443b30f4", "taskName": null, "event": "presence_state_changed", "is_away": false}
{"timestamp": "2026-02-15T16:57:46.269971+00:00", "level": "INFO", "logger": "donna.boss", "message": "presence state changed", "session_id": "6085443b30f4", "taskName": null, "event": "presence_state_changed", "is_away": false}
{"timestamp": "2026-02-15T16:57:47.327921+00:00", "level": "INFO", "logger": "donna.presence", "message": "presence state changed", "session_id": "6085443b30f4", "taskName": null, "event": "presence_state_changed", "is_away": true}
{"timestamp": "2026-02-15T16:57:47.328286+00:00", "level": "INFO", "logger": "donna.boss", "message": "presence state changed", "session_id": "6085443b30f4", "taskName": null, "event": "presence_state_changed", "is_away": true}
{"timestamp": "2026-02-15T16:57:50.406719+00:00", "level": "INFO", "logger": "donna.presence", "message": "presence state changed", "session_id": "6085443b30f4", "taskName": null, "event": "presence_state_changed", "is_away": false}
{"timestamp": "2026-02-15T16:57:50.407308+00:00", "level": "INFO", "logger": "donna.boss", "message": "presence state changed", "session_id": "6085443b30f4", "taskName": null, "event": "presence_state_changed", "is_away": false}
{"timestamp": "2026-02-15T16:57:52.497060+00:00", "level": "INFO", "logger": "donna.presence", "message": "presence state changed", "session_id": "6085443b30f4", "taskName": null, "event": "presence_state_changed", "is_away": true}
{"timestamp": "2026-02-15T16:57:52.497957+00:00", "level": "INFO", "logger": "donna.boss", "message": "presence state changed", "session_id": "6085443b30f4", "taskName": null, "event": "presence_state_changed", "is_away": true}
{"timestamp": "2026-02-15T16:57:54.549537+00:00", "level": "INFO", "logger": "donna.presence", "message": "presence state changed", "session_id": "6085443b30f4", "taskName": null, "event": "presence_state_changed", "is_away": false}
{"timestamp": "2026-02-15T16:57:54.550126+00:00", "level": "INFO", "logger": "donna.boss", "message": "presence state changed", "session_id": "6085443b30f4", "taskName": null, "event": "presence_state_changed", "is_away": false}
{"timestamp": "2026-02-15T16:57:55.612246+00:00", "level": "INFO", "logger": "donna.presence", "message": "presence state changed", "session_id": "6085443b30f4", "taskName": null, "event": "presence_state_changed", "is_away": true}
{"timestamp": "2026-02-15T16:57:55.612747+00:00", "level": "INFO", "logger": "donna.boss", "message": "presence state changed", "session_id": "6085443b30f4", "taskName": null, "event": "presence_state_changed", "is_away": true}
{"timestamp": "2026-02-15T16:57:58.689757+00:00", "level": "INFO", "logger": "donna.presence", "message": "presence state changed", "session_id": "6085443b30f4", "taskName": null, "event": "presence_state_changed", "is_away": false}
{"timestamp": "2026-02-15T16:57:58.690276+00:00", "level": "INFO", "logger": "donna.boss", "message": "presence state changed", "session_id": "6085443b30f4", "taskName": null, "event": "presence_state_changed", "is_away": false}
{"timestamp": "2026-02-15T16:57:59.756385+00:00", "level": "INFO", "logger": "donna.presence", "message": "presence state changed", "session_id": "6085443b30f4", "taskName": null, "event": "presence_state_changed", "is_away": true}
{"timestamp": "2026-02-15T16:57:59.757280+00:00", "level": "INFO", "logger": "donna.boss", "message": "presence state changed", "session_id": "6085443b30f4", "taskName": null, "event": "presence_state_changed", "is_away": true}
{"timestamp": "2026-02-15T16:58:00.826275+00:00", "level": "INFO", "logger": "donna.presence", "message": "presence state changed", "session_id": "6085443b30f4", "taskName": null, "event": "presence_state_changed", "is_away": false}
{"timestamp": "2026-02-15T16:58:00.828034+00:00", "level": "INFO", "logger": "donna.boss", "message": "presence state changed", "session_id": "6085443b30f4", "taskName": null, "event": "presence_state_changed", "is_away": false}
{"timestamp": "2026-02-15T16:58:27.341479+00:00", "level": "INFO", "logger": "donna.storage", "message": "record saved", "session_id": "6085443b30f4", "taskName": null, "event": "record_saved", "date": "2026-02-15", "path": "/Users/manavchhattri/Desktop/Donna/data/2026-02-15.json", "active_seconds": 394.75, "idle_seconds": 139.99, "away_seconds": 195.0, "app_count": 2, "website_count": 0}
{"timestamp": "2026-02-15T16:59:27.337921+00:00", "level": "INFO", "logger": "donna.storage", "message": "record saved", "session_id": "6085443b30f4", "taskName": null, "event": "record_saved", "date": "2026-02-15", "path": "/Users/manavchhattri/Desktop/Donna/data/2026-02-15.json", "active_seconds": 439.75, "idle_seconds": 154.99, "away_seconds": 195.0, "app_count": 2, "website_count": 0}
{"timestamp": "2026-02-15T16:59:57.277526+00:00", "level": "INFO", "logger": "donna.presence", "message": "presence state changed", "session_id": "6085443b30f4", "taskName": null, "event": "presence_state_changed", "is_away": true}
{"timestamp": "2026-02-15T16:59:57.278207+00:00", "level": "INFO", "logger": "donna.boss", "message": "presence state changed", "session_id": "6085443b30f4", "taskName": null, "event": "presence_state_changed", "is_away": true}
{"timestamp": "2026-02-15T16:59:58.311517+00:00", "level": "INFO", "logger": "donna.presence", "message": "presence state changed", "session_id": "6085443b30f4", "taskName": null, "event": "presence_state_changed", "is_away": false}
{"timestamp": "2026-02-15T16:59:58.313014+00:00", "level": "INFO", "logger": "donna.boss", "message": "presence state changed", "session_id": "6085443b30f4", "taskName": null, "event": "presence_state_changed", "is_away": false}
{"timestamp": "2026-02-15T17:00:27.335198+00:00", "level": "INFO", "logger": "donna.storage", "message": "record saved", "session_id": "6085443b30f4", "taskName": null, "event": "record_saved", "date": "2026-02-15", "path": "/Users/manavchhattri/Desktop/Donna/data/2026-02-15.json", "active_seconds": 499.75, "idle_seconds": 154.99, "away_seconds": 200.0, "app_count": 2, "website_count": 0}
{"timestamp": "2026-02-15T17:01:27.331230+00:00", "level": "INFO", "logger": "donna.storage", "message": "record saved", "session_id": "6085443b30f4", "taskName": null, "event": "record_saved", "date": "2026-02-15", "path": "/Users/manavchhattri/Desktop/Donna/data/2026-02-15.json", "active_seconds": 559.74, "idle_seconds": 154.99, "away_seconds": 200.0, "app_count": 2, "website_count": 0}
{"timestamp": "2026-02-15T17:02:27.328688+00:00", "level": "INFO", "logger": "donna.storage", "message": "record saved", "session_id": "6085443b30f4", "taskName": null, "event": "record_saved", "date": "2026-02-15", "path": "/Users/manavchhattri/Desktop/Donna/data/2026-02-15.json", "active_seconds": 619.74, "idle_seconds": 154.99, "away_seconds": 200.0, "app_count": 2, "website_count": 0}
{"timestamp": "2026-02-15T17:03:27.324342+00:00", "level": "INFO", "logger": "donna.storage", "message": "record saved", "session_id": "6085443b30f4", "taskName": null, "event": "record_saved", "date": "2026-02-15", "path": "/Users/manavchhattri/Desktop/Donna/data/2026-02-15.json", "active_seconds": 679.74, "idle_seconds": 154.99, "away_seconds": 200.0, "app_count": 2, "website_count": 0}
{"timestamp": "2026-02-15T17:04:27.319258+00:00", "level": "INFO", "logger": "donna.storage", "message": "record saved", "session_id": "6085443b30f4", "taskName": null, "event": "record_saved", "date": "2026-02-15", "path": "/Users/manavchhattri/Desktop/Donna/data/2026-02-15.json", "active_seconds": 739.73, "idle_seconds": 154.99, "away_seconds": 200.0, "app_count": 2, "website_count": 0}
{"timestamp": "2026-02-17T07:37:45.174805+00:00", "level": "INFO", "logger": "donna.logging_config", "message": "logging configured", "session_id": "e00f5b3b29cc", "taskName": null, "event": "logging_configured", "log_level": "INFO", "log_path": "/Users/manavchhattri/Desktop/Donna/data/donna.log"}
{"timestamp": "2026-02-17T07:37:45.175642+00:00", "level": "INFO", "logger": "__main__", "message": "run.py invoked", "session_id": "e00f5b3b29cc", "taskName": null, "event": "entrypoint_invoked", "argv": []}
{"timestamp": "2026-02-17T07:37:46.209166+00:00", "level": "INFO", "logger": "__main__", "message": "launching DonnaApp", "session_id": "e00f5b3b29cc", "taskName": null, "event": "menu_app_launch"}
{"timestamp": "2026-02-17T07:37:46.286226+00:00", "level": "INFO", "logger": "donna.boss", "message": "tracking started", "session_id": "e00f5b3b29cc", "taskName": null, "event": "tracking_started", "poll_interval": 5}
{"timestamp": "2026-02-17T07:37:46.286870+00:00", "level": "INFO", "logger": "donna.presence", "message": "presence detector started", "session_id": "e00f5b3b29cc", "taskName": null, "event": "presence_started", "check_interval": 1, "away_threshold": 1, "camera_index": 0}
{"timestamp": "2026-02-17T07:37:46.286954+00:00", "level": "INFO", "logger": "donna.boss", "message": "camera presence enabled on launch", "session_id": "e00f5b3b29cc", "taskName": null, "event": "camera_enabled_on_launch"}
{"timestamp": "2026-02-17T07:37:46.286996+00:00", "level": "INFO", "logger": "donna.boss", "message": "Donna app initialized", "session_id": "e00f5b3b29cc", "taskName": null, "event": "app_initialized"}
{"timestamp": "2026-02-17T07:37:46.389909+00:00", "level": "INFO", "logger": "donna.storage", "message": "record saved", "session_id": "e00f5b3b29cc", "taskName": null, "event": "record_saved", "date": "2026-02-17", "path": "/Users/manavchhattri/Desktop/Donna/data/2026-02-17.json", "active_seconds": 0.0, "idle_seconds": 0.0, "away_seconds": 0.0, "app_count": 0}
{"timestamp": "2026-02-17T07:37:51.174253+00:00", "level": "INFO", "logger": "donna.presence", "message": "presence state changed", "session_id": "e00f5b3b29cc", "taskName": null, "event": "presence_state_changed", "is_away": true}
{"timestamp": "2026-02-17T07:37:51.175138+00:00", "level": "INFO", "logger": "donna.boss", "message": "presence state changed", "session_id": "e00f5b3b29cc", "taskName": null, "event": "presence_state_changed", "is_away": true}
{"timestamp": "2026-02-17T07:37:52.250045+00:00", "level": "INFO", "logger": "donna.presence", "message": "presence state changed", "session_id": "e00f5b3b29cc", "taskName": null, "event": "presence_state_changed", "is_away": false}
{"timestamp": "2026-02-17T07:37:52.250558+00:00", "level": "INFO", "logger": "donna.boss", "message": "presence state changed", "session_id": "e00f5b3b29cc", "taskName": null, "event": "presence_state_changed", "is_away": false}
{"timestamp": "2026-02-17T07:38:42.779293+00:00", "level": "INFO", "logger": "donna.presence", "message": "presence state changed", "session_id": "e00f5b3b29cc", "taskName": null, "event": "presence_state_changed", "is_away": true}
{"timestamp": "2026-02-17T07:38:42.779988+00:00", "level": "INFO", "logger": "donna.boss", "message": "presence state changed", "session_id": "e00f5b3b29cc", "taskName": null, "event": "presence_state_changed", "is_away": true}
{"timestamp": "2026-02-17T07:38:44.913140+00:00", "level": "INFO", "logger": "donna.presence", "message": "presence state changed", "session_id": "e00f5b3b29cc", "taskName": null, "event": "presence_state_changed", "is_away": false}
{"timestamp": "2026-02-17T07:38:44.914000+00:00", "level": "INFO", "logger": "donna.boss", "message": "presence state changed", "session_id": "e00f5b3b29cc", "taskName": null, "event": "presence_state_changed", "is_away": false}
{"timestamp": "2026-02-17T07:38:46.286771+00:00", "level": "INFO", "logger": "donna.storage", "message": "record saved", "session_id": "e00f5b3b29cc", "taskName": null, "event": "record_saved", "date": "2026-02-17", "path": "/Users/manavchhattri/Desktop/Donna/data/2026-02-17.json", "active_seconds": 54.89, "idle_seconds": 0.0, "away_seconds": 5.0, "app_count": 1}
{"timestamp": "2026-02-17T07:38:52.298470+00:00", "level": "INFO", "logger": "donna.presence", "message": "presence state changed", "session_id": "e00f5b3b29cc", "taskName": null, "event": "presence_state_changed", "is_away": true}
{"timestamp": "2026-02-17T07:38:52.299865+00:00", "level": "INFO", "logger": "donna.boss", "message": "presence state changed", "session_id": "e00f5b3b29cc", "taskName": null, "event": "presence_state_changed", "is_away": true}
{"timestamp": "2026-02-17T07:38:54.432696+00:00", "level": "INFO", "logger": "donna.presence", "message": "presence state changed", "session_id": "e00f5b3b29cc", "taskName": null, "event": "presence_state_changed", "is_away": false}
{"timestamp": "2026-02-17T07:38:54.433213+00:00", "level": "INFO", "logger": "donna.boss", "message": "presence state changed", "session_id": "e00f5b3b29cc", "taskName": null, "event": "presence_state_changed", "is_away": false}
{"timestamp": "2026-02-17T07:39:23.109580+00:00", "level": "INFO", "logger": "donna.logging_config", "message": "logging configured", "session_id": "a4260ec4e858", "taskName": null, "event": "logging_configured", "log_level": "INFO", "log_path": "/Users/manavchhattri/Desktop/Donna/data/donna.log"}
{"timestamp": "2026-02-17T07:39:23.110120+00:00", "level": "INFO", "logger": "__main__", "message": "run.py invoked", "session_id": "a4260ec4e858", "taskName": null, "event": "entrypoint_invoked", "argv": []}
{"timestamp": "2026-02-17T07:39:23.379731+00:00", "level": "INFO", "logger": "__main__", "message": "launching DonnaApp", "session_id": "a4260ec4e858", "taskName": null, "event": "menu_app_launch"}
{"timestamp": "2026-02-17T07:39:23.449447+00:00", "level": "INFO", "logger": "donna.boss", "message": "tracking started", "session_id": "a4260ec4e858", "taskName": null, "event": "tracking_started", "poll_interval": 5}
{"timestamp": "2026-02-17T07:39:23.449657+00:00", "level": "INFO", "logger": "donna.presence", "message": "presence detector started", "session_id": "a4260ec4e858", "taskName": null, "event": "presence_started", "check_interval": 1, "away_threshold": 1, "camera_index": 0}
{"timestamp": "2026-02-17T07:39:23.449740+00:00", "level": "INFO", "logger": "donna.boss", "message": "camera presence enabled on launch", "session_id": "a4260ec4e858", "taskName": null, "event": "camera_enabled_on_launch"}
{"timestamp": "2026-02-17T07:39:23.449785+00:00", "level": "INFO", "logger": "donna.boss", "message": "Donna app initialized", "session_id": "a4260ec4e858", "taskName": null, "event": "app_initialized"}
{"timestamp": "2026-02-17T07:39:23.524407+00:00", "level": "INFO", "logger": "donna.storage", "message": "record saved", "session_id": "a4260ec4e858", "taskName": null, "event": "record_saved", "date": "2026-02-17", "path": "/Users/manavchhattri/Desktop/Donna/data/2026-02-17.json", "active_seconds": 0.0, "idle_seconds": 0.0, "away_seconds": 0.0, "app_count": 0}
{"timestamp": "2026-02-17T07:39:34.781335+00:00", "level": "INFO", "logger": "donna.presence", "message": "presence state changed", "session_id": "a4260ec4e858", "taskName": null, "event": "presence_state_changed", "is_away": true}
{"timestamp": "2026-02-17T07:39:34.782466+00:00", "level": "INFO", "logger": "donna.boss", "message": "presence state changed", "session_id": "a4260ec4e858", "taskName": null, "event": "presence_state_changed", "is_away": true}
{"timestamp": "2026-02-17T07:39:36.867153+00:00", "level": "INFO", "logger": "donna.presence", "message": "presence state changed", "session_id": "a4260ec4e858", "taskName": null, "event": "presence_state_changed", "is_away": false}
{"timestamp": "2026-02-17T07:39:36.867604+00:00", "level": "INFO", "logger": "donna.boss", "message": "presence state changed", "session_id": "a4260ec4e858", "taskName": null, "event": "presence_state_changed", "is_away": false}
{"timestamp": "2026-02-17T07:40:23.449997+00:00", "level": "INFO", "logger": "donna.storage", "message": "record saved", "session_id": "a4260ec4e858", "taskName": null, "event": "record_saved", "date": "2026-02-17", "path": "/Users/manavchhattri/Desktop/Donna/data/2026-02-17.json", "active_seconds": 54.92, "idle_seconds": 0.0, "away_seconds": 0.0, "app_count": 2}
{"timestamp": "2026-02-17T07:40:35.174460+00:00", "level": "INFO", "logger": "donna.presence", "message": "presence state changed", "session_id": "a4260ec4e858", "taskName": null, "event": "presence_state_changed", "is_away": true}
{"timestamp": "2026-02-17T07:40:35.175013+00:00", "level": "INFO", "logger": "donna.boss", "message": "presence state changed", "session_id": "a4260ec4e858", "taskName": null, "event": "presence_state_changed", "is_away": true}
{"timestamp": "2026-02-17T07:40:42.598688+00:00", "level": "INFO", "logger": "donna.presence", "message": "presence state changed", "session_id": "a4260ec4e858", "taskName": null, "event": "presence_state_changed", "is_away": false}
{"timestamp": "2026-02-17T07:40:42.599611+00:00", "level": "INFO", "logger": "donna.boss", "message": "presence state changed", "session_id": "a4260ec4e858", "taskName": null, "event": "presence_state_changed", "is_away": false}
{"timestamp": "2026-02-17T07:40:44.731164+00:00", "level": "INFO", "logger": "donna.presence", "message": "presence state changed", "session_id": "a4260ec4e858", "taskName": null, "event": "presence_state_changed", "is_away": true}
{"timestamp": "2026-02-17T07:40:44.731736+00:00", "level": "INFO", "logger": "donna.boss", "message": "presence state changed", "session_id": "a4260ec4e858", "taskName": null, "event": "presence_state_changed", "is_away": true}
{"timestamp": "2026-02-17T07:40:46.864554+00:00", "level": "INFO", "logger": "donna.presence", "message": "presence state changed", "session_id": "a4260ec4e858", "taskName": null, "event": "presence_state_changed", "is_away": false}
{"timestamp": "2026-02-17T07:40:46.865054+00:00", "level": "INFO", "logger": "donna.boss", "message": "presence state changed", "session_id": "a4260ec4e858", "taskName": null, "event": "presence_state_changed", "is_away": false}
{"timestamp": "2026-02-17T07:40:48.997762+00:00", "level": "INFO", "logger": "donna.presence", "message": "presence state changed", "session_id": "a4260ec4e858", "taskName": null, "event": "presence_state_changed", "is_away": true}
{"timestamp": "2026-02-17T07:40:48.998231+00:00", "level": "INFO", "logger": "donna.boss", "message": "presence state changed", "session_id": "a4260ec4e858", "taskName": null, "event": "presence_state_changed", "is_away": true}
{"timestamp": "2026-02-17T07:40:50.068442+00:00", "level": "INFO", "logger": "donna.presence", "message": "presence state changed", "session_id": "a4260ec4e858", "taskName": null, "event": "presence_state_changed", "is_away": false}
{"timestamp": "2026-02-17T07:40:50.068805+00:00", "level": "INFO", "logger": "donna.boss", "message": "presence state changed", "session_id": "a4260ec4e858", "taskName": null, "event": "presence_state_changed", "is_away": false}
{"timestamp": "2026-02-17T07:41:23.446793+00:00", "level": "INFO", "logger": "donna.storage", "message": "record saved", "session_id": "a4260ec4e858", "taskName": null, "event": "record_saved", "date": "2026-02-17", "path": "/Users/manavchhattri/Desktop/Donna/data/2026-02-17.json", "active_seconds": 114.92, "idle_seconds": 0.0, "away_seconds": 5.0, "app_count": 2}
{"timestamp": "2026-02-17T07:42:23.443498+00:00", "level": "INFO", "logger": "donna.storage", "message": "record saved", "session_id": "a4260ec4e858", "taskName": null, "event": "record_saved", "date": "2026-02-17", "path": "/Users/manavchhattri/Desktop/Donna/data/2026-02-17.json", "active_seconds": 174.91, "idle_seconds": 0.0, "away_seconds": 5.0, "app_count": 2}
{"timestamp": "2026-02-17T07:43:23.442481+00:00", "level": "INFO", "logger": "donna.storage", "message": "record saved", "session_id": "a4260ec4e858", "taskName": null, "event": "record_saved", "date": "2026-02-17", "path": "/Users/manavchhattri/Desktop/Donna/data/2026-02-17.json", "active_seconds": 234.91, "idle_seconds": 0.0, "away_seconds": 5.0, "app_count": 2}
{"timestamp": "2026-02-17T07:44:23.438500+00:00", "level": "INFO", "logger": "donna.storage", "message": "record saved", "session_id": "a4260ec4e858", "taskName": null, "event": "record_saved", "date": "2026-02-17", "path": "/Users/manavchhattri/Desktop/Donna/data/2026-02-17.json", "active_seconds": 294.91, "idle_seconds": 0.0, "away_seconds": 5.0, "app_count": 2}
{"timestamp": "2026-02-17T07:45:23.432846+00:00", "level": "INFO", "logger": "donna.storage", "message": "record saved", "session_id": "a4260ec4e858", "taskName": null, "event": "record_saved", "date": "2026-02-17", "path": "/Users/manavchhattri/Desktop/Donna/data/2026-02-17.json", "active_seconds": 354.91, "idle_seconds": 0.0, "away_seconds": 5.0, "app_count": 3}
{"timestamp": "2026-02-17T07:46:23.434734+00:00", "level": "INFO", "logger": "donna.storage", "message": "record saved", "session_id": "a4260ec4e858", "taskName": null, "event": "record_saved", "date": "2026-02-17", "path": "/Users/manavchhattri/Desktop/Donna/data/2026-02-17.json", "active_seconds": 414.9, "idle_seconds": 0.0, "away_seconds": 5.0, "app_count": 3}
{"timestamp": "2026-02-17T07:47:14.451114+00:00", "level": "INFO", "logger": "donna.presence", "message": "presence state changed", "session_id": "a4260ec4e858", "taskName": null, "event": "presence_state_changed", "is_away": true}
{"timestamp": "2026-02-17T07:47:14.453059+00:00", "level": "INFO", "logger": "donna.boss", "message": "presence state changed", "session_id": "a4260ec4e858", "taskName": null, "event": "presence_state_changed", "is_away": true}
{"timestamp": "2026-02-17T07:47:17.607617+00:00", "level": "INFO", "logger": "donna.presence", "message": "presence state changed", "session_id": "a4260ec4e858", "taskName": null, "event": "presence_state_changed", "is_away": false}
{"timestamp": "2026-02-17T07:47:17.608069+00:00", "level": "INFO", "logger": "donna.boss", "message": "presence state changed", "session_id": "a4260ec4e858", "taskName": null, "event": "presence_state_changed", "is_away": false}
{"timestamp": "2026-02-17T07:47:22.943438+00:00", "level": "INFO", "logger": "donna.presence", "message": "presence state changed", "session_id": "a4260ec4e858", "taskName": null, "event": "presence_state_changed", "is_away": true}
{"timestamp": "2026-02-17T07:47:22.943997+00:00", "level": "INFO", "logger": "donna.boss", "message": "presence state changed", "session_id": "a4260ec4e858", "taskName": null, "event": "presence_state_changed", "is_away": true}
{"timestamp": "2026-02-17T07:47:23.428738+00:00", "level": "INFO", "logger": "donna.storage", "message": "record saved", "session_id": "a4260ec4e858", "taskName": null, "event": "record_saved", "date": "2026-02-17", "path": "/Users/manavchhattri/Desktop/Donna/data/2026-02-17.json", "active_seconds": 474.9, "idle_seconds": 0.0, "away_seconds": 5.0, "app_count": 3}
{"timestamp": "2026-02-17T07:47:24.001867+00:00", "level": "INFO", "logger": "donna.presence", "message": "presence state changed", "session_id": "a4260ec4e858", "taskName": null, "event": "presence_state_changed", "is_away": false}
{"timestamp": "2026-02-17T07:47:24.002682+00:00", "level": "INFO", "logger": "donna.boss", "message": "presence state changed", "session_id": "a4260ec4e858", "taskName": null, "event": "presence_state_changed", "is_away": false}
{"timestamp": "2026-02-17T07:47:26.101152+00:00", "level": "INFO", "logger": "donna.presence", "message": "presence state changed", "session_id": "a4260ec4e858", "taskName": null, "event": "presence_state_changed", "is_away": true}
{"timestamp": "2026-02-17T07:47:26.101739+00:00", "level": "INFO", "logger": "donna.boss", "message": "presence state changed", "session_id": "a4260ec4e858", "taskName": null, "event": "presence_state_changed", "is_away": true}
{"timestamp": "2026-02-17T07:47:27.166156+00:00", "level": "INFO", "logger": "donna.presence", "message": "presence state changed", "session_id": "a4260ec4e858", "taskName": null, "event": "presence_state_changed", "is_away": false}
{"timestamp": "2026-02-17T07:47:27.166742+00:00", "level": "INFO", "logger": "donna.boss", "message": "presence state changed", "session_id": "a4260ec4e858", "taskName": null, "event": "presence_state_changed", "is_away": false}
{"timestamp": "2026-02-17T07:47:30.367875+00:00", "level": "INFO", "logger": "donna.presence", "message": "presence state changed", "session_id": "a4260ec4e858", "taskName": null, "event": "presence_state_changed", "is_away": true}
{"timestamp": "2026-02-17T07:47:30.368371+00:00", "level": "INFO", "logger": "donna.boss", "message": "presence state changed", "session_id": "a4260ec4e858", "taskName": null, "event": "presence_state_changed", "is_away": true}
{"timestamp": "2026-02-17T07:47:31.433931+00:00", "level": "INFO", "logger": "donna.presence", "message": "presence state changed", "session_id": "a4260ec4e858", "taskName": null, "event": "presence_state_changed", "is_away": false}
{"timestamp": "2026-02-17T07:47:31.434443+00:00", "level": "INFO", "logger": "donna.boss", "message": "presence state changed", "session_id": "a4260ec4e858", "taskName": null, "event": "presence_state_changed", "is_away": false}
{"timestamp": "2026-02-17T07:47:35.699177+00:00", "level": "INFO", "logger": "donna.presence", "message": "presence state changed", "session_id": "a4260ec4e858", "taskName": null, "event": "presence_state_changed", "is_away": true}
{"timestamp": "2026-02-17T07:47:35.699608+00:00", "level": "INFO", "logger": "donna.boss", "message": "presence state changed", "session_id": "a4260ec4e858", "taskName": null, "event": "presence_state_changed", "is_away": true}
{"timestamp": "2026-02-17T07:47:36.766982+00:00", "level": "INFO", "logger": "donna.presence", "message": "presence state changed", "session_id": "a4260ec4e858", "taskName": null, "event": "presence_state_changed", "is_away": false}
{"timestamp": "2026-02-17T07:47:36.767444+00:00", "level": "INFO", "logger": "donna.boss", "message": "presence state changed", "session_id": "a4260ec4e858", "taskName": null, "event": "presence_state_changed", "is_away": false}
{"timestamp": "2026-02-17T07:47:37.835629+00:00", "level": "INFO", "logger": "donna.presence", "message": "presence state changed", "session_id": "a4260ec4e858", "taskName": null, "event": "presence_state_changed", "is_away": true}
{"timestamp": "2026-02-17T07:47:37.836229+00:00", "level": "INFO", "logger": "donna.boss", "message": "presence state changed", "session_id": "a4260ec4e858", "taskName": null, "event": "presence_state_changed", "is_away": true}
{"timestamp": "2026-02-17T07:47:38.902862+00:00", "level": "INFO", "logger": "donna.presence", "message": "presence state changed", "session_id": "a4260ec4e858", "taskName": null, "event": "presence_state_changed", "is_away": false}
{"timestamp": "2026-02-17T07:47:38.904180+00:00", "level": "INFO", "logger": "donna.boss", "message": "presence state changed", "session_id": "a4260ec4e858", "taskName": null, "event": "presence_state_changed", "is_away": false}
{"timestamp": "2026-02-17T07:47:39.968210+00:00", "level": "INFO", "logger": "donna.presence", "message": "presence state changed", "session_id": "a4260ec4e858", "taskName": null, "event": "presence_state_changed", "is_away": true}
{"timestamp": "2026-02-17T07:47:39.968673+00:00", "level": "INFO", "logger": "donna.boss", "message": "presence state changed", "session_id": "a4260ec4e858", "taskName": null, "event": "presence_state_changed", "is_away": true}
{"timestamp": "2026-02-17T07:47:41.037182+00:00", "level": "INFO", "logger": "donna.presence", "message": "presence state changed", "session_id": "a4260ec4e858", "taskName": null, "event": "presence_state_changed", "is_away": false}
{"timestamp": "2026-02-17T07:47:41.037713+00:00", "level": "INFO", "logger": "donna.boss", "message": "presence state changed", "session_id": "a4260ec4e858", "taskName": null, "event": "presence_state_changed", "is_away": false}
{"timestamp": "2026-02-17T07:47:44.240082+00:00", "level": "INFO", "logger": "donna.presence", "message": "presence state changed", "session_id": "a4260ec4e858", "taskName": null, "event": "presence_state_changed", "is_away": true}
{"timestamp": "2026-02-17T07:47:44.264382+00:00", "level": "INFO", "logger": "donna.boss", "message": "presence state changed", "session_id": "a4260ec4e858", "taskName": null, "event": "presence_state_changed", "is_away": true}
{"timestamp": "2026-02-17T07:47:46.370821+00:00", "level": "INFO", "logger": "donna.presence", "message": "presence state changed", "session_id": "a4260ec4e858", "taskName": null, "event": "presence_state_changed", "is_away": false}
{"timestamp": "2026-02-17T07:47:46.372798+00:00", "level": "INFO", "logger": "donna.boss", "message": "presence state changed", "session_id": "a4260ec4e858", "taskName": null, "event": "presence_state_changed", "is_away": false}
{"timestamp": "2026-02-17T07:48:23.425316+00:00", "level": "INFO", "logger": "donna.storage", "message": "record saved", "session_id": "a4260ec4e858", "taskName": null, "event": "record_saved", "date": "2026-02-17", "path": "/Users/manavchhattri/Desktop/Donna/data/2026-02-17.json", "active_seconds": 534.9, "idle_seconds": 0.0, "away_seconds": 15.0, "app_count": 3}
{"timestamp": "2026-02-17T07:49:23.422678+00:00", "level": "INFO", "logger": "donna.storage", "message": "record saved", "session_id": "a4260ec4e858", "taskName": null, "event": "record_saved", "date": "2026-02-17", "path": "/Users/manavchhattri/Desktop/Donna/data/2026-02-17.json", "active_seconds": 594.89, "idle_seconds": 0.0, "away_seconds": 15.0, "app_count": 3}
{"timestamp": "2026-02-17T07:49:57.888757+00:00", "level": "INFO", "logger": "donna.presence", "message": "presence state changed", "session_id": "a4260ec4e858", "taskName": null, "event": "presence_state_changed", "is_away": true}
{"timestamp": "2026-02-17T07:49:57.890661+00:00", "level": "INFO", "logger": "donna.boss", "message": "presence state changed", "session_id": "a4260ec4e858", "taskName": null, "event": "presence_state_changed", "is_away": true}
{"timestamp": "2026-02-17T07:49:58.946809+00:00", "level": "INFO", "logger": "donna.presence", "message": "presence state changed", "session_id": "a4260ec4e858", "taskName": null, "event": "presence_state_changed", "is_away": false}
{"timestamp": "2026-02-17T07:49:58.947327+00:00", "level": "INFO", "logger": "donna.boss", "message": "presence state changed", "session_id": "a4260ec4e858", "taskName": null, "event": "presence_state_changed", "is_away": false}
{"timestamp": "2026-02-17T07:50:23.419782+00:00", "level": "INFO", "logger": "donna.storage", "message": "record saved", "session_id": "a4260ec4e858", "taskName": null, "event": "record_saved", "date": "2026-02-17", "path": "/Users/manavchhattri/Desktop/Donna/data/2026-02-17.json", "active_seconds": 654.89, "idle_seconds": 0.0, "away_seconds": 20.0, "app_count": 3}
{"timestamp": "2026-02-17T07:51:23.418337+00:00", "level": "INFO", "logger": "donna.storage", "message": "record saved", "session_id": "a4260ec4e858", "taskName": null, "event": "record_saved", "date": "2026-02-17", "path": "/Users/manavchhattri/Desktop/Donna/data/2026-02-17.json", "active_seconds": 714.89, "idle_seconds": 0.0, "away_seconds": 20.0, "app_count": 3}
{"timestamp": "2026-02-17T07:52:17.628932+00:00", "level": "INFO", "logger": "donna.presence", "message": "presence state changed", "session_id": "a4260ec4e858", "taskName": null, "event": "presence_state_changed", "is_away": true}
{"timestamp": "2026-02-17T07:52:17.629993+00:00", "level": "INFO", "logger": "donna.boss", "message": "presence state changed", "session_id": "a4260ec4e858", "taskName": null, "event": "presence_state_changed", "is_away": true}
{"timestamp": "2026-02-17T07:52:19.749668+00:00", "level": "INFO", "logger": "donna.presence", "message": "presence state changed", "session_id": "a4260ec4e858", "taskName": null, "event": "presence_state_changed", "is_away": false}
{"timestamp": "2026-02-17T07:52:19.749987+00:00", "level": "INFO", "logger": "donna.boss", "message": "presence state changed", "session_id": "a4260ec4e858", "taskName": null, "event": "presence_state_changed", "is_away": false}
{"timestamp": "2026-02-17T07:52:23.412418+00:00", "level": "INFO", "logger": "donna.storage", "message": "record saved", "session_id": "a4260ec4e858", "taskName": null, "event": "record_saved", "date": "2026-02-17", "path": "/Users/manavchhattri/Desktop/Donna/data/2026-02-17.json", "active_seconds": 774.88, "idle_seconds": 0.0, "away_seconds": 25.0, "app_count": 3}
{"timestamp": "2026-02-17T07:53:23.411994+00:00", "level": "INFO", "logger": "donna.storage", "message": "record saved", "session_id": "a4260ec4e858", "taskName": null, "event": "record_saved", "date": "2026-02-17", "path": "/Users/manavchhattri/Desktop/Donna/data/2026-02-17.json", "active_seconds": 834.88, "idle_seconds": 0.0, "away_seconds": 25.0, "app_count": 3}
{"timestamp": "2026-02-17T07:53:57.827478+00:00", "level": "INFO", "logger": "donna.presence", "message": "presence state changed", "session_id": "a4260ec4e858", "taskName": null, "event": "presence_state_changed", "is_away": true}
{"timestamp": "2026-02-17T07:53:57.829180+00:00", "level": "INFO", "logger": "donna.boss", "message": "presence state changed", "session_id": "a4260ec4e858", "taskName": null, "event": "presence_state_changed", "is_away": true}
{"timestamp": "2026-02-17T07:53:59.920073+00:00", "level": "INFO", "logger": "donna.presence", "message": "presence state changed", "session_id": "a4260ec4e858", "taskName": null, "event": "presence_state_changed", "is_away": false}
{"timestamp": "2026-02-17T07:53:59.920583+00:00", "level": "INFO", "logger": "donna.boss", "message": "presence state changed", "session_id": "a4260ec4e858", "taskName": null, "event": "presence_state_changed", "is_away": false}
{"timestamp": "2026-02-17T07:54:23.082587+00:00", "level": "INFO", "logger": "donna.presence", "message": "presence state changed", "session_id": "a4260ec4e858", "taskName": null, "event": "presence_state_changed", "is_away": true}
{"timestamp": "2026-02-17T07:54:23.083226+00:00", "level": "INFO", "logger": "donna.boss", "message": "presence state changed", "session_id": "a4260ec4e858", "taskName": null, "event": "presence_state_changed", "is_away": true}
{"timestamp": "2026-02-17T07:54:23.406507+00:00", "level": "INFO", "logger": "donna.storage", "message": "record saved", "session_id": "a4260ec4e858", "taskName": null, "event": "record_saved", "date": "2026-02-17", "path": "/Users/manavchhattri/Desktop/Donna/data/2026-02-17.json", "active_seconds": 894.88, "idle_seconds": 0.0, "away_seconds": 30.0, "app_count": 3}
{"timestamp": "2026-02-17T07:54:42.967682+00:00", "level": "INFO", "logger": "donna.presence", "message": "presence state changed", "session_id": "a4260ec4e858", "taskName": null, "event": "presence_state_changed", "is_away": false}
{"timestamp": "2026-02-17T07:54:42.968080+00:00", "level": "INFO", "logger": "donna.boss", "message": "presence state changed", "session_id": "a4260ec4e858", "taskName": null, "event": "presence_state_changed", "is_away": false}
{"timestamp": "2026-02-17T07:55:04.784621+00:00", "level": "INFO", "logger": "donna.presence", "message": "presence state changed", "session_id": "a4260ec4e858", "taskName": null, "event": "presence_state_changed", "is_away": true}
{"timestamp": "2026-02-17T07:55:04.785864+00:00", "level": "INFO", "logger": "donna.boss", "message": "presence state changed", "session_id": "a4260ec4e858", "taskName": null, "event": "presence_state_changed", "is_away": true}
{"timestamp": "2026-02-17T07:55:23.407368+00:00", "level": "INFO", "logger": "donna.storage", "message": "record saved", "session_id": "a4260ec4e858", "taskName": null, "event": "record_saved", "date": "2026-02-17", "path": "/Users/manavchhattri/Desktop/Donna/data/2026-02-17.json", "active_seconds": 954.88, "idle_seconds": 0.0, "away_seconds": 65.0, "app_count": 3}
{"timestamp": "2026-02-17T07:55:49.202742+00:00", "level": "INFO", "logger": "donna.presence", "message": "presence state changed", "session_id": "a4260ec4e858", "taskName": null, "event": "presence_state_changed", "is_away": false}
{"timestamp": "2026-02-17T07:55:49.204629+00:00", "level": "INFO", "logger": "donna.boss", "message": "presence state changed", "session_id": "a4260ec4e858", "taskName": null, "event": "presence_state_changed", "is_away": false}
{"timestamp": "2026-02-17T07:56:23.401068+00:00", "level": "INFO", "logger": "donna.storage", "message": "record saved", "session_id": "a4260ec4e858", "taskName": null, "event": "record_saved", "date": "2026-02-17", "path": "/Users/manavchhattri/Desktop/Donna/data/2026-02-17.json", "active_seconds": 1014.87, "idle_seconds": 0.0, "away_seconds": 95.0, "app_count": 3}
{"timestamp": "2026-02-17T07:56:29.401114+00:00", "level": "INFO", "logger": "donna.presence", "message": "presence state changed", "session_id": "a4260ec4e858", "taskName": null, "event": "presence_state_changed", "is_away": true}
{"timestamp": "2026-02-17T07:56:29.402599+00:00", "level": "INFO", "logger": "donna.boss", "message": "presence state changed", "session_id": "a4260ec4e858", "taskName": null, "event": "presence_state_changed", "is_away": true}
{"timestamp": "2026-02-17T07:56:32.556747+00:00", "level": "INFO", "logger": "donna.presence", "message": "presence state changed", "session_id": "a4260ec4e858", "taskName": null, "event": "presence_state_changed", "is_away": false}
{"timestamp": "2026-02-17T07:56:32.558107+00:00", "level": "INFO", "logger": "donna.boss", "message": "presence state changed", "session_id": "a4260ec4e858", "taskName": null, "event": "presence_state_changed", "is_away": false}
{"timestamp": "2026-02-17T07:56:34.689933+00:00", "level": "INFO", "logger": "donna.presence", "message": "presence state changed", "session_id": "a4260ec4e858", "taskName": null, "event": "presence_state_changed", "is_away": true}
{"timestamp": "2026-02-17T07:56:34.690533+00:00", "level": "INFO", "logger": "donna.boss", "message": "presence state changed", "session_id": "a4260ec4e858", "taskName": null, "event": "presence_state_changed", "is_away": true}
{"timestamp": "2026-02-17T07:56:42.158377+00:00", "level": "INFO", "logger": "donna.presence", "message": "presence state changed", "session_id": "a4260ec4e858", "taskName": null, "event": "presence_state_changed", "is_away": false}
{"timestamp": "2026-02-17T07:56:42.159284+00:00", "level": "INFO", "logger": "donna.boss", "message": "presence state changed", "session_id": "a4260ec4e858", "taskName": null, "event": "presence_state_changed", "is_away": false}
{"timestamp": "2026-02-17T07:56:43.226205+00:00", "level": "INFO", "logger": "donna.presence", "message": "presence state changed", "session_id": "a4260ec4e858", "taskName": null, "event": "presence_state_changed", "is_away": true}
{"timestamp": "2026-02-17T07:56:43.226831+00:00", "level": "INFO", "logger": "donna.boss", "message": "presence state changed", "session_id": "a4260ec4e858", "taskName": null, "event": "presence_state_changed", "is_away": true}
{"timestamp": "2026-02-17T07:56:44.291739+00:00", "level": "INFO", "logger": "donna.presence", "message": "presence state changed", "session_id": "a4260ec4e858", "taskName": null, "event": "presence_state_changed", "is_away": false}
{"timestamp": "2026-02-17T07:56:44.292204+00:00", "level": "INFO", "logger": "donna.boss", "message": "presence state changed", "session_id": "a4260ec4e858", "taskName": null, "event": "presence_state_changed", "is_away": false}
{"timestamp": "2026-02-17T07:56:47.450102+00:00", "level": "INFO", "logger": "donna.presence", "message": "presence state changed", "session_id": "a4260ec4e858", "taskName": null, "event": "presence_state_changed", "is_away": true}
{"timestamp": "2026-02-17T07:56:47.450859+00:00", "level": "INFO", "logger": "donna.boss", "message": "presence state changed", "session_id": "a4260ec4e858", "taskName": null, "event": "presence_state_changed", "is_away": true}
{"timestamp": "2026-02-17T07:56:48.516393+00:00", "level": "INFO", "logger": "donna.presence", "message": "presence state changed", "session_id": "a4260ec4e858", "taskName": null, "event": "presence_state_changed", "is_away": false}
{"timestamp": "2026-02-17T07:56:48.516879+00:00", "level": "INFO", "logger": "donna.boss", "message": "presence state changed", "session_id": "a4260ec4e858", "taskName": null, "event": "presence_state_changed", "is_away": false}
{"timestamp": "2026-02-17T07:56:50.645302+00:00", "level": "INFO", "logger": "donna.presence", "message": "presence state changed", "session_id": "a4260ec4e858", "taskName": null, "event": "presence_state_changed", "is_away": true}
{"timestamp": "2026-02-17T07:56:50.645937+00:00", "level": "INFO", "logger": "donna.boss", "message": "presence state changed", "session_id": "a4260ec4e858", "taskName": null, "event": "presence_state_changed", "is_away": true}
{"timestamp": "2026-02-17T07:56:54.917536+00:00", "level": "INFO", "logger": "donna.presence", "message": "presence state changed", "session_id": "a4260ec4e858", "taskName": null, "event": "presence_state_changed", "is_away": false}
{"timestamp": "2026-02-17T07:56:54.918018+00:00", "level": "INFO", "logger": "donna.boss", "message": "presence state changed", "session_id": "a4260ec4e858", "taskName": null, "event": "presence_state_changed", "is_away": false}
{"timestamp": "2026-02-17T07:56:55.982819+00:00", "level": "INFO", "logger": "donna.presence", "message": "presence state changed", "session_id": "a4260ec4e858", "taskName": null, "event": "presence_state_changed", "is_away": true}
{"timestamp": "2026-02-17T07:56:55.983731+00:00", "level": "INFO", "logger": "donna.boss", "message": "presence state changed", "session_id": "a4260ec4e858", "taskName": null, "event": "presence_state_changed", "is_away": true}
{"timestamp": "2026-02-17T07:57:09.850066+00:00", "level": "INFO", "logger": "donna.presence", "message": "presence state changed", "session_id": "a4260ec4e858", "taskName": null, "event": "presence_state_changed", "is_away": false}
{"timestamp": "2026-02-17T07:57:09.851746+00:00", "level": "INFO", "logger": "donna.boss", "message": "presence state changed", "session_id": "a4260ec4e858", "taskName": null, "event": "presence_state_changed", "is_away": false}
{"timestamp": "2026-02-17T07:57:13.006808+00:00", "level": "INFO", "logger": "donna.presence", "message": "presence state changed", "session_id": "a4260ec4e858", "taskName": null, "event": "presence_state_changed", "is_away": true}
{"timestamp": "2026-02-17T07:57:13.007753+00:00", "level": "INFO", "logger": "donna.boss", "message": "presence state changed", "session_id": "a4260ec4e858", "taskName": null, "event": "presence_state_changed", "is_away": true}
{"timestamp": "2026-02-17T07:57:16.207939+00:00", "level": "INFO", "logger": "donna.presence", "message": "presence state changed", "session_id": "a4260ec4e858", "taskName": null, "event": "presence_state_changed", "is_away": false}
{"timestamp": "2026-02-17T07:57:16.208540+00:00", "level": "INFO", "logger": "donna.boss", "message": "presence state changed", "session_id": "a4260ec4e858", "taskName": null, "event": "presence_state_changed", "is_away": false}
{"timestamp": "2026-02-17T07:57:17.272659+00:00", "level": "INFO", "logger": "donna.presence", "message": "presence state changed", "session_id": "a4260ec4e858", "taskName": null, "event": "presence_state_changed", "is_away": true}
{"timestamp": "2026-02-17T07:57:17.273147+00:00", "level": "INFO", "logger": "donna.boss", "message": "presence state changed", "session_id": "a4260ec4e858", "taskName": null, "event": "presence_state_changed", "is_away": true}
{"timestamp": "2026-02-17T07:57:22.608670+00:00", "level": "INFO", "logger": "donna.presence", "message": "presence state changed", "session_id": "a4260ec4e858", "taskName": null, "event": "presence_state_changed", "is_away": false}
{"timestamp": "2026-02-17T07:57:22.610060+00:00", "level": "INFO", "logger": "donna.boss", "message": "presence state changed", "session_id": "a4260ec4e858", "taskName": null, "event": "presence_state_changed", "is_away": false}
{"timestamp": "2026-02-17T07:57:23.398671+00:00", "level": "INFO", "logger": "donna.storage", "message": "record saved", "session_id": "a4260ec4e858", "taskName": null, "event": "record_saved", "date": "2026-02-17", "path": "/Users/manavchhattri/Desktop/Donna/data/2026-02-17.json", "active_seconds": 1074.87, "idle_seconds": 0.0, "away_seconds": 140.0, "app_count": 3}
{"timestamp": "2026-02-17T07:57:23.675889+00:00", "level": "INFO", "logger": "donna.presence", "message": "presence state changed", "session_id": "a4260ec4e858", "taskName": null, "event": "presence_state_changed", "is_away": true}
{"timestamp": "2026-02-17T07:57:23.676471+00:00", "level": "INFO", "logger": "donna.boss", "message": "presence state changed", "session_id": "a4260ec4e858", "taskName": null, "event": "presence_state_changed", "is_away": true}
{"timestamp": "2026-02-17T07:57:26.831686+00:00", "level": "INFO", "logger": "donna.presence", "message": "presence state changed", "session_id": "a4260ec4e858", "taskName": null, "event": "presence_state_changed", "is_away": false}
{"timestamp": "2026-02-17T07:57:26.832214+00:00", "level": "INFO", "logger": "donna.boss", "message": "presence state changed", "session_id": "a4260ec4e858", "taskName": null, "event": "presence_state_changed", "is_away": false}
